###############################################################################
#
# IAR ELF Linker V3.10.1.201 for STM8                     22/Feb/2023  19:58:52
# Copyright 2010-2017 IAR Systems AB.
#
#    Output file  =  
#        D:\work\01 project\WaterPurifier\software\stm8_V4\Debug\Exe\0001.out
#    Map file     =  
#        D:\work\01 project\WaterPurifier\software\stm8_V4\Debug\List\0001.map
#    Command line =  
#        -f C:\Users\11312\AppData\Local\Temp\EW8F04.tmp ("D:\work\01
#        project\WaterPurifier\software\stm8_V4\Debug\Obj\main.o" "D:\work\01
#        project\WaterPurifier\software\stm8_V4\Debug\Obj\stm8s_clk.o"
#        "D:\work\01
#        project\WaterPurifier\software\stm8_V4\Debug\Obj\stm8s_gpio.o"
#        "D:\work\01
#        project\WaterPurifier\software\stm8_V4\Debug\Obj\stm8s_tim1.o"
#        "D:\work\01
#        project\WaterPurifier\software\stm8_V4\Debug\Obj\stm8s_tim2.o"
#        --redirect _Printf=_PrintfFullNoMb --redirect _Scanf=_ScanfFullNoMb -o
#        "D:\work\01 project\WaterPurifier\software\stm8_V4\Debug\Exe\0001.out"
#        --map "D:\work\01
#        project\WaterPurifier\software\stm8_V4\Debug\List\0001.map" --config
#        "C:\Program Files (x86)\IAR Systems\Embedded Workbench
#        8.0\stm8\config\lnkstm8s003f3.icf" --config_def _CSTACK_SIZE=0x100
#        --config_def _HEAP_SIZE=0x100 --entry __iar_program_start --debug_lib)
#
###############################################################################

*******************************************************************************
*** RUNTIME MODEL ATTRIBUTES
***

__SystemLibrary            = DLib
__code_model               = small
__core                     = stm8
__data_model               = medium
__dlib_file_descriptor     = 0
__dlib_full_locale_support = 0
__rt_version               = 4


*******************************************************************************
*** PLACEMENT SUMMARY
***

"A0":  place at start of [0x000000-0x0000ff] { rw section .vregs };
"A1":  place at end of [0x000000-0x0003ff] { block CSTACK };
"P2":  place in [from 0x000000 to 0x0003ff] {
          block HEAP, rw section __DLIB_PERTHREAD, rw section .far.bss,
          rw section .far.data, rw section .far.noinit,
          rw section .far_func.textrw, rw section .huge.bss,
          rw section .huge.data, rw section .huge.noinit,
          rw section .huge_func.textrw, rw section .iar.dynexit,
          rw section .near.bss, rw section .near.data, rw section .near.noinit,
          rw section .near_func.textrw };
"A2":  place at start of [0x008000-0x009fff] { block INTVEC };
"P3":  place in [from 0x008000 to 0x009fff] {
          ro section __DLIB_PERTHREAD_init, ro section .far.data_init,
          ro section .far_func.textrw_init, ro section .huge.data_init,
          ro section .huge_func.textrw_init, ro section .iar.init_table,
          ro section .init_array, ro section .near.data_init,
          ro section .near.rodata, ro section .near_func.text,
          ro section .near_func.textrw_init, ro section .tiny.data_init,
          ro section .tiny.rodata_init };
"P4":  place in [from 0x008000 to 0x009fff] {
          ro section .far.rodata, ro section .far_func.text };
"P5":  place in [from 0x008000 to 0x009fff] {
          ro section .huge.rodata, ro section .huge_func.text };
do not initialize {
   rw section .eeprom.noinit, rw section .far.noinit, rw section .huge.noinit,
   rw section .near.noinit, rw section .tiny.noinit, rw section .vregs };

  Section          Kind      Address   Size  Object
  -------          ----      -------   ----  ------
"A0":                                  0x10
  .vregs           uninit   0x000000   0x10  vregs.o [4]
                          - 0x000010   0x10

"P2":                                   0x5
  .near.bss        zero     0x000010    0x2  main.o [1]
  .near.bss        zero     0x000012    0x2  main.o [1]
  .near.bss        zero     0x000014    0x1  main.o [1]
                          - 0x000015    0x5

"A1":                                 0x100
  CSTACK                    0x000300  0x100  <Block>
    CSTACK         uninit   0x000300  0x100  <Block tail>
                          - 0x000400  0x100

"A2":                                  0x80
  INTVEC                    0x008000   0x80  <Block>
    .intvec        const    0x008000   0x80  interrupt.o [4]
                          - 0x008080   0x80

"P3-P5":                              0xa8e
  .near_func.text  ro code  0x008080  0x1b3  main.o [1]
  .near_func.text  ro code  0x008233  0x110  stm8s_gpio.o [1]
  .near_func.text  ro code  0x008343   0xde  stm8s_clk.o [1]
  .near_func.text  ro code  0x008421   0xdd  main.o [1]
  .near_func.text  ro code  0x0084fe   0x9a  main.o [1]
  .near_func.text  ro code  0x008598   0x8b  stm8s_clk.o [1]
  .near_func.text  ro code  0x008623   0x77  vreg_util.o [4]
  .near_func.text  ro code  0x00869a   0x60  stm8s_tim1.o [1]
  .near_func.text  ro code  0x0086fa   0x5c  main.o [1]
  .near_func.text  ro code  0x008756   0x54  stm8s_tim2.o [1]
  .near_func.text  ro code  0x0087aa   0x4e  stm8s_tim1.o [1]
  .near.rodata     const    0x0087f8   0x3f  stm8s_gpio.o [1]
  .near.rodata     const    0x008837   0x3f  stm8s_tim1.o [1]
  .near.rodata     const    0x008876   0x3f  stm8s_tim2.o [1]
  .near.rodata     const    0x0088b5   0x3e  stm8s_clk.o [1]
  .near_func.text  ro code  0x0088f3   0x3e  main.o [1]
  .near_func.text  ro code  0x008931   0x3d  stm8s_clk.o [1]
  .near_func.text  ro code  0x00896e   0x2f  stm8s_clk.o [1]
  .near_func.text  ro code  0x00899d   0x2f  stm8s_clk.o [1]
  .near_func.text  ro code  0x0089cc   0x26  short.o [4]
  .near_func.text  ro code  0x0089f2   0x25  main.o [1]
  .iar.init_table  const    0x008a17    0x8  - Linker created -
  .near_func.text  ro code  0x008a1f   0x1e  init_small.o [4]
  .near_func.text  ro code  0x008a3d   0x18  main.o [1]
  .near_func.text  ro code  0x008a55   0x14  init.o [4]
  .near_func.text  ro code  0x008a69   0x14  __dbg_xxexit.o [3]
  .near_func.text  ro code  0x008a7d   0x13  cstartup.o [4]
  .near_func.text  ro code  0x008a90   0x12  main.o [1]
  .near_func.text  ro code  0x008aa2   0x12  main.o [1]
  .near_func.text  ro code  0x008ab4   0x10  main.o [1]
  .near_func.text  ro code  0x008ac4    0xc  main.o [1]
  .near_func.text  ro code  0x008ad0    0xc  main.o [1]
  .near_func.text  ro code  0x008adc    0xc  stm8s_tim2.o [1]
  .near_func.text  ro code  0x008ae8    0x7  stm8s_gpio.o [1]
  .near_func.text  ro code  0x008aef    0x7  stm8s_gpio.o [1]
  .near_func.text  ro code  0x008af6    0x5  cexit.o [4]
  .near_func.text  ro code  0x008afb    0x4  stm8s_gpio.o [1]
  .near_func.text  ro code  0x008aff    0x3  interrupt.o [4]
  .near_func.text  ro code  0x008b02    0x3  low_level_init.o [4]
  .near_func.text  ro code  0x008b05    0x3  exit.o [4]
  .near_func.text  ro code  0x008b08    0x3  unhandled_exception.o [4]
  .near_func.text  ro code  0x008b0b    0x2  main.o [1]
  .near_func.text  ro code  0x008b0d    0x1  __dbg_break.o [3]
                          - 0x008b0e  0xa8e


*******************************************************************************
*** INIT TABLE
***

          Address   Size
          -------   ----
Zero (__iar_zero_init2)
    1 destination range, total size 0x5:
          0x000010   0x5



*******************************************************************************
*** MODULE SUMMARY
***

    Module                 ro code  ro data  rw data
    ------                 -------  -------  -------
D:\work\01 project\WaterPurifier\software\stm8_V4\Debug\Obj: [1]
    main.o                   1 103                 5
    stm8s_clk.o                516       62
    stm8s_gpio.o               290       63
    stm8s_tim1.o               174       63
    stm8s_tim2.o                96       63
    ------------------------------------------------
    Total:                   2 179      251        5

command line: [2]
    ------------------------------------------------
    Total:

dbgstm8smd.a: [3]
    __dbg_break.o                1
    __dbg_xxexit.o              20
    ------------------------------------------------
    Total:                      21

dlstm8smn.a: [4]
    cexit.o                      5
    cstartup.o                  19
    exit.o                       3
    init.o                      20
    init_small.o                30
    interrupt.o                  3      128
    low_level_init.o             3
    short.o                     38
    unhandled_exception.o        3
    vreg_util.o                119
    vregs.o                                       16
    ------------------------------------------------
    Total:                     243      128       16

    Linker created                        8      256
----------------------------------------------------
    Grand Total:             2 443      387      277


*******************************************************************************
*** ENTRY LIST
***

Entry                    Address   Size  Type      Object
-----                    -------   ----  ----      ------
.iar.init_table$$Base   0x008a17          --   Gb  - Linker created -
.iar.init_table$$Limit  0x008a1f          --   Gb  - Linker created -
?b0                     0x000000         Data  Gb  vregs.o [4]
?b1                     0x000001         Data  Gb  vregs.o [4]
?b10                    0x00000a         Data  Gb  vregs.o [4]
?b11                    0x00000b         Data  Gb  vregs.o [4]
?b12                    0x00000c         Data  Gb  vregs.o [4]
?b13                    0x00000d         Data  Gb  vregs.o [4]
?b14                    0x00000e         Data  Gb  vregs.o [4]
?b15                    0x00000f         Data  Gb  vregs.o [4]
?b2                     0x000002         Data  Gb  vregs.o [4]
?b3                     0x000003         Data  Gb  vregs.o [4]
?b4                     0x000004         Data  Gb  vregs.o [4]
?b5                     0x000005         Data  Gb  vregs.o [4]
?b6                     0x000006         Data  Gb  vregs.o [4]
?b7                     0x000007         Data  Gb  vregs.o [4]
?b8                     0x000008         Data  Gb  vregs.o [4]
?b9                     0x000009         Data  Gb  vregs.o [4]
?e0                     0x000001         Data  Gb  vregs.o [4]
?e1                     0x000005         Data  Gb  vregs.o [4]
?e2                     0x000009         Data  Gb  vregs.o [4]
?e3                     0x00000d         Data  Gb  vregs.o [4]
?epilogue_l2            0x00868b         Code  Gb  vreg_util.o [4]
?epilogue_l2_w6         0x00868f         Code  Gb  vreg_util.o [4]
?epilogue_w4            0x008696         Code  Gb  vreg_util.o [4]
?l0                     0x000000         Data  Gb  vregs.o [4]
?l1                     0x000004         Data  Gb  vregs.o [4]
?l2                     0x000008         Data  Gb  vregs.o [4]
?l3                     0x00000c         Data  Gb  vregs.o [4]
?mul16_x_x_w0           0x0089cc         Code  Gb  short.o [4]
?pop_l2                 0x008678         Code  Gb  vreg_util.o [4]
?pop_w4                 0x008640         Code  Gb  vreg_util.o [4]
?pop_w6                 0x008647         Code  Gb  vreg_util.o [4]
?push_l2                0x008656         Code  Gb  vreg_util.o [4]
?push_w4                0x008623         Code  Gb  vreg_util.o [4]
?push_w6                0x008628         Code  Gb  vreg_util.o [4]
?sll16_x_x_a            0x0089ea         Code  Gb  short.o [4]
?w0                     0x000000         Data  Gb  vregs.o [4]
?w1                     0x000002         Data  Gb  vregs.o [4]
?w2                     0x000004         Data  Gb  vregs.o [4]
?w3                     0x000006         Data  Gb  vregs.o [4]
?w4                     0x000008         Data  Gb  vregs.o [4]
?w5                     0x00000a         Data  Gb  vregs.o [4]
?w6                     0x00000c         Data  Gb  vregs.o [4]
?w7                     0x00000e         Data  Gb  vregs.o [4]
CLK_ClockSwitchCmd      0x00899d   0x2f  Code  Gb  stm8s_clk.o [1]
CLK_HSICmd              0x00896e   0x2f  Code  Gb  stm8s_clk.o [1]
CLK_HSIPrescalerConfig  0x008931   0x3d  Code  Gb  stm8s_clk.o [1]
CLK_PeripheralClockConfig
                        0x008343   0xde  Code  Gb  stm8s_clk.o [1]
CLK_SYSCLKConfig        0x008598   0x8b  Code  Gb  stm8s_clk.o [1]
CLK_init                0x0089f2   0x25  Code  Gb  main.o [1]
CSTACK$$Base            0x000300          --   Gb  - Linker created -
CSTACK$$Limit           0x000400          --   Gb  - Linker created -
ErrorFlag               0x000014    0x1  Data  Gb  main.o [1]
Error_Handler           0x0084fe   0x9a  Code  Gb  main.o [1]
GPIO_Init               0x008233  0x110  Code  Gb  stm8s_gpio.o [1]
GPIO_ReadInputPin       0x008aef    0x7  Code  Gb  stm8s_gpio.o [1]
GPIO_WriteHigh          0x008ae8    0x7  Code  Gb  stm8s_gpio.o [1]
GPIO_WriteLow           0x008afb    0x4  Code  Gb  stm8s_gpio.o [1]
INTVEC$$Base            0x008000          --   Gb  - Linker created -
INTVEC$$Limit           0x008080          --   Gb  - Linker created -
Making_Water            0x008421   0xdd  Code  Gb  main.o [1]
N_Millisec              0x000012    0x2  Data  Gb  main.o [1]
N_sec                   0x000010    0x2  Data  Gb  main.o [1]
Region$$Table$$Base     0x008a17          --   Gb  - Linker created -
Region$$Table$$Limit    0x008a1f          --   Gb  - Linker created -
TIM1_ITConfig           0x0087aa   0x4e  Code  Gb  stm8s_tim1.o [1]
TIM1_OVR_UIF_IRQHandler
                        0x008ac4    0xc  Code  Gb  main.o [1]
TIM1_TimeBaseInit       0x00869a   0x60  Code  Gb  stm8s_tim1.o [1]
TIM1_init               0x008a3d   0x18  Code  Gb  main.o [1]
TIM2_ITConfig           0x008756   0x54  Code  Gb  stm8s_tim2.o [1]
TIM2_OVR_UIF_IRQHandler
                        0x008ad0    0xc  Code  Gb  main.o [1]
TIM2_TimeBaseInit       0x008adc    0xc  Code  Gb  stm8s_tim2.o [1]
TIM2_init               0x008ab4   0x10  Code  Gb  main.o [1]
_GPIO_                  0x0086fa   0x5c  Code  Gb  main.o [1]
__DebugBreak            0x008b0d    0x1  Code  Gb  __dbg_break.o [3]
__exit                  0x008a69   0x14  Code  Gb  __dbg_xxexit.o [3]
__iar_data_init2        0x008a55   0x14  Code  Gb  init.o [4]
__iar_program_start     0x008a7d         Code  Gb  cstartup.o [4]
__iar_unhandled_exception
                        0x008b08         Code  Gb  unhandled_exception.o [4]
__iar_zero_init2        0x008a1f         Code  Gb  init_small.o [4]
__intvec                0x008000         Data  Gb  interrupt.o [4]
__low_level_init        0x008b02    0x3  Code  Gb  low_level_init.o [4]
_exit                   0x008af6         Code  Gb  cexit.o [4]
_interrupt_13           0x008ac4         Code  Gb  main.o [1]
_interrupt_15           0x008ad0         Code  Gb  main.o [1]
assert_failed           0x008b0b    0x2  Code  Gb  main.o [1]
blink                   0x0088f3   0x3e  Code  Gb  main.o [1]
delay_N_Millisecond     0x008aa2   0x12  Code  Gb  main.o [1]
delay_Nsecond           0x008a90   0x12  Code  Gb  main.o [1]
exit                    0x008b05    0x3  Code  Gb  exit.o [4]
main                    0x008080  0x1b3  Code  Gb  main.o [1]


[1] = D:\work\01 project\WaterPurifier\software\stm8_V4\Debug\Obj
[2] = command line
[3] = dbgstm8smd.a
[4] = dlstm8smn.a

  2 443 bytes of readonly  code memory
    387 bytes of readonly  data memory
    277 bytes of readwrite data memory

Errors: none
Warnings: none
